[1/50] OK: 2rr3k/pp3pp1/1nnqbN1p/3pN3/2pP...
[2/50] OK: 8/7p/5k2/5p2/p1p2P2/Pr1pPK2/1P...
[3/50] OK: 5rk1/1ppb3p/p1pb4/6q1/3P1p1r/2...
[4/50] OK: r1bq2rk/pp3pbp/2p1p1pQ/7P/3P4/...
[5/50] OK: 5k2/6pp/p1qN4/1p1p4/3P4/2PKP2Q...
[6/50] OK: 7k/p7/1R5K/6r1/6p1/6P1/8/8 w -...
[7/50] OK: rnbqkb1r/pppp1ppp/8/4P3/6n1/7P...
[8/50] OK: r4q1k/p2bR1rp/2p2Q1N/5p2/5p2/2...
[9/50] OK: 3q1rk1/p4pp1/2pb3p/3p4/6Pr/1PN...
[10/50] OK: 2br2k1/2q3rn/p2NppQ1/2p1P3/Pp5...
[11/50] OK: r1b1kb1r/3q1ppp/pBp1pn2/8/Np3P...
[12/50] OK: 4k1r1/2p3r1/1pR1p3/3pP2p/3P2qP...
[13/50] OK: 5rk1/pp4p1/2n1p2p/2Npq3/2p5/6P...
[14/50] OK: r2rb1k1/pp1q1p1p/2n1p1p1/2bp4/...
[15/50] OK: 1R6/1brk2p1/4p2p/p1P1Pp2/P7/6P...
[16/50] OK: r4rk1/ppp2ppp/2n5/2bqp3/8/P2PB...
[17/50] OK: 1k5r/pppbn1pp/4q1r1/1P3p2/2NPp...
[18/50] OK: R7/P4k2/8/8/8/8/r7/6K1 w - - 0...
[19/50] OK: r1b2rk1/ppbn1ppp/4p3/1QP4q/3P4...
[20/50] OK: r2qkb1r/1ppb1ppp/p7/4p3/P1Q1P3...
[21/50] OK: 5rk1/1b3p1p/pp3p2/3n1N2/1P6/P1...
[22/50] FAILED: r1bqk2r/ppp1nppp/4p3/n5N1/2BPp3/P1P5/2P2PPP/R1BQK2R w KQkq - 0 1
  Error: Legal moves mismatch! Missing: {(4, 6)}, Extra: set()
[23/50] OK: r3nrk1/2p2p1p/p1p1b1p1/2NpPq2/...
[24/50] OK: 6k1/1b1nqpbp/pp4p1/5P2/1PN5/4Q...
[25/50] OK: 3R1rk1/8/5Qpp/2p5/2P1p1q1/P3P3...
[26/50] OK: 3r2k1/1p1b1pp1/pq5p/8/3NR3/2PQ...
[27/50] OK: 7k/pp4np/2p3p1/3pN1q1/3P4/Q7/1...
[28/50] OK: 1r1r2k1/4pp1p/2p1b1p1/p3R3/RqB...
[29/50] OK: r2q2k1/pp1rbppp/4pn2/2P5/1P3B2...
[30/50] OK: 1r3r2/4q1kp/b1pp2p1/5p2/pPn1N3...
[31/50] OK: rb3qk1/pQ3ppp/4p3/3P4/8/1P3N2/...
[32/50] OK: 6k1/p4p1p/1p3np1/2q5/4p3/4P1N1...
[33/50] OK: 8/p1q2pkp/2Pr2p1/8/P3Q3/6P1/5P...
[34/50] OK: 7k/1b1r2p1/p6p/1p2qN2/3bP3/3Q4...
[35/50] OK: r3r2k/2R3pp/pp1q1p2/8/3P3R/7P/...
[36/50] OK: 3r4/2p1rk2/1pQq1pp1/7p/1P1P4/P...
[37/50] OK: 2r5/2rk2pp/1pn1pb2/pN1p4/P2P4/...
[38/50] OK: 4k3/p4prp/1p6/2b5/8/2Q3P1/P2R1...
[39/50] OK: r1br2k1/pp2bppp/2nppn2/8/2P1PB...
[40/50] OK: 3r1r1k/1p4pp/p4p2/8/1PQR4/6Pq/...
[41/50] OK: 1k6/5RP1/1P6/1K6/6r1/8/8/8 w -...
[42/50] OK: r1b1r1k1/pp1n1pbp/1qp3p1/3p4/1...
[43/50] OK: r2q3k/p2P3p/1p3p2/3QP1r1/8/B7/...
[44/50] OK: 3rb1k1/pq3pbp/4n1p1/3p4/2N5/2P...
[45/50] OK: 7k/2p1b1pp/8/1p2P3/1P3r2/2P3Q1...
[46/50] OK: r1bqr1k1/pp1nb1p1/4p2p/3p1p2/3...
[47/50] OK: r1b2rk1/pp2bppp/2n1pn2/q5B1/2B...
[48/50] OK: 1rbq1rk1/p1p1bppp/2p2n2/8/Q1BP...
[49/50] OK: 2b3k1/4rrpp/p2p4/2pP2RQ/1pP1Pp...
[50/50] OK: k4r2/1R4pb/1pQp1n1p/3P4/5p1P/3...

Test Summary: 49 PASSED, 1 FAILED
